

================================================================
== Vitis HLS Report for 'sobel_top'
================================================================
* Date:           Sat Apr 25 21:03:30 2026

* Version:        2025.2 (Build 6295257 on Nov 12 2025)
* Project:        sobel_top
* Solution:       hls (Vivado IP Flow Target)
* Product family: zynq
* Target device:  xc7z020-clg400-1


================================================================
== Performance Estimates
================================================================
+ Timing: 
    * Summary: 
    +--------+---------+----------+------------+
    |  Clock |  Target | Estimated| Uncertainty|
    +--------+---------+----------+------------+
    |ap_clk  |  8.00 ns|  5.799 ns|     2.16 ns|
    +--------+---------+----------+------------+

+ Latency: 
    * Summary: 
    +---------+---------+-----------+-----------+-----+---------+---------+
    |  Latency (cycles) |   Latency (absolute)  |    Interval   | Pipeline|
    |   min   |   max   |    min    |    max    | min |   max   |   Type  |
    +---------+---------+-----------+-----------+-----+---------+---------+
    |        4|  3688337|  32.000 ns|  29.507 ms|    5|  3688338|       no|
    +---------+---------+-----------+-----------+-----+---------+---------+

    + Detail: 
        * Instance: 
        +----------------------+------------+---------+---------+----------+-----------+-----+---------+---------+
        |                      |            |  Latency (cycles) |  Latency (absolute)  |    Interval   | Pipeline|
        |       Instance       |   Module   |   min   |   max   |    min   |    max    | min |   max   |   Type  |
        +----------------------+------------+---------+---------+----------+-----------+-----+---------+---------+
        |grp_sobel_core_fu_84  |sobel_core  |        1|  3688334|  8.000 ns|  29.507 ms|    1|  3688334|       no|
        +----------------------+------------+---------+---------+----------+-----------+-----+---------+---------+

        * Loop: 
        N/A



================================================================
== Utilization Estimates
================================================================
* Summary: 
+-----------------+---------+-----+--------+-------+-----+
|       Name      | BRAM_18K| DSP |   FF   |  LUT  | URAM|
+-----------------+---------+-----+--------+-------+-----+
|DSP              |        -|    -|       -|      -|    -|
|Expression       |        -|    -|       0|      2|    -|
|FIFO             |        -|    -|       -|      -|    -|
|Instance         |        2|    1|    1114|   1738|    -|
|Memory           |        -|    -|       -|      -|    -|
|Multiplexer      |        -|    -|       0|     97|    -|
|Register         |        -|    -|      83|      -|    -|
+-----------------+---------+-----+--------+-------+-----+
|Total            |        2|    1|    1197|   1837|    0|
+-----------------+---------+-----+--------+-------+-----+
|Available        |      280|  220|  106400|  53200|    0|
+-----------------+---------+-----+--------+-------+-----+
|Utilization (%)  |       ~0|   ~0|       1|      3|    0|
+-----------------+---------+-----+--------+-------+-----+

+ Detail: 
    * Instance: 
    +----------------------+------------+---------+----+------+------+-----+
    |       Instance       |   Module   | BRAM_18K| DSP|  FF  |  LUT | URAM|
    +----------------------+------------+---------+----+------+------+-----+
    |CTRL_s_axi_U          |CTRL_s_axi  |        0|   0|   112|   168|    0|
    |grp_sobel_core_fu_84  |sobel_core  |        2|   1|  1002|  1570|    0|
    +----------------------+------------+---------+----+------+------+-----+
    |Total                 |            |        2|   1|  1114|  1738|    0|
    +----------------------+------------+---------+----+------+------+-----+

    * DSP: 
    N/A

    * Memory: 
    N/A

    * FIFO: 
    N/A

    * Expression: 
    +----------------------------------------+----------+----+---+----+------------+------------+
    |              Variable Name             | Operation| DSP| FF| LUT| Bitwidth P0| Bitwidth P1|
    +----------------------------------------+----------+----+---+----+------------+------------+
    |grp_sobel_core_fu_84_out_stream_TREADY  |       and|   0|  0|   2|           1|           1|
    +----------------------------------------+----------+----+---+----+------------+------------+
    |Total                                   |          |   0|  0|   2|           1|           1|
    +----------------------------------------+----------+----+---+----+------------+------------+

    * Multiplexer: 
    +-------------------------------+----+-----------+-----+-----------+
    |              Name             | LUT| Input Size| Bits| Total Bits|
    +-------------------------------+----+-----------+-----+-----------+
    |ap_NS_fsm                      |  25|          5|    1|          5|
    |in_stream_TREADY_int_regslice  |   9|          2|    1|          2|
    |out_stream_TDATA_int_regslice  |   9|          2|    8|         16|
    |out_stream_TDEST_int_regslice  |   9|          2|    1|          2|
    |out_stream_TID_int_regslice    |   9|          2|    1|          2|
    |out_stream_TKEEP_int_regslice  |   9|          2|    1|          2|
    |out_stream_TLAST_int_regslice  |   9|          2|    1|          2|
    |out_stream_TSTRB_int_regslice  |   9|          2|    1|          2|
    |out_stream_TUSER_int_regslice  |   9|          2|    1|          2|
    +-------------------------------+----+-----------+-----+-----------+
    |Total                          |  97|         21|   16|         35|
    +-------------------------------+----+-----------+-----+-----------+

    * Register: 
    +-----------------------------------+----+----+-----+-----------+
    |                Name               | FF | LUT| Bits| Const Bits|
    +-----------------------------------+----+----+-----+-----------+
    |ap_CS_fsm                          |   4|   0|    4|          0|
    |grp_sobel_core_fu_84_ap_start_reg  |   1|   0|    1|          0|
    |height_read_reg_120                |  32|   0|   32|          0|
    |out_stream_TDATA_reg               |   8|   0|    8|          0|
    |out_stream_TDEST_reg               |   1|   0|    1|          0|
    |out_stream_TID_reg                 |   1|   0|    1|          0|
    |out_stream_TKEEP_reg               |   1|   0|    1|          0|
    |out_stream_TLAST_reg               |   1|   0|    1|          0|
    |out_stream_TSTRB_reg               |   1|   0|    1|          0|
    |out_stream_TUSER_reg               |   1|   0|    1|          0|
    |width_read_reg_125                 |  32|   0|   32|          0|
    +-----------------------------------+----+----+-----+-----------+
    |Total                              |  83|   0|   83|          0|
    +-----------------------------------+----+----+-----+-----------+



================================================================
== Interface
================================================================
* Summary: 
+--------------------+-----+-----+------------+---------------------+--------------+
|      RTL Ports     | Dir | Bits|  Protocol  |    Source Object    |    C Type    |
+--------------------+-----+-----+------------+---------------------+--------------+
|s_axi_CTRL_AWVALID  |   in|    1|       s_axi|                 CTRL|        scalar|
|s_axi_CTRL_AWREADY  |  out|    1|       s_axi|                 CTRL|        scalar|
|s_axi_CTRL_AWADDR   |   in|    5|       s_axi|                 CTRL|        scalar|
|s_axi_CTRL_WVALID   |   in|    1|       s_axi|                 CTRL|        scalar|
|s_axi_CTRL_WREADY   |  out|    1|       s_axi|                 CTRL|        scalar|
|s_axi_CTRL_WDATA    |   in|   32|       s_axi|                 CTRL|        scalar|
|s_axi_CTRL_WSTRB    |   in|    4|       s_axi|                 CTRL|        scalar|
|s_axi_CTRL_ARVALID  |   in|    1|       s_axi|                 CTRL|        scalar|
|s_axi_CTRL_ARREADY  |  out|    1|       s_axi|                 CTRL|        scalar|
|s_axi_CTRL_ARADDR   |   in|    5|       s_axi|                 CTRL|        scalar|
|s_axi_CTRL_RVALID   |  out|    1|       s_axi|                 CTRL|        scalar|
|s_axi_CTRL_RREADY   |   in|    1|       s_axi|                 CTRL|        scalar|
|s_axi_CTRL_RDATA    |  out|   32|       s_axi|                 CTRL|        scalar|
|s_axi_CTRL_RRESP    |  out|    2|       s_axi|                 CTRL|        scalar|
|s_axi_CTRL_BVALID   |  out|    1|       s_axi|                 CTRL|        scalar|
|s_axi_CTRL_BREADY   |   in|    1|       s_axi|                 CTRL|        scalar|
|s_axi_CTRL_BRESP    |  out|    2|       s_axi|                 CTRL|        scalar|
|ap_clk              |   in|    1|  ap_ctrl_hs|            sobel_top|  return value|
|ap_rst_n            |   in|    1|  ap_ctrl_hs|            sobel_top|  return value|
|interrupt           |  out|    1|  ap_ctrl_hs|            sobel_top|  return value|
|in_stream_TDATA     |   in|    8|        axis|   in_stream_V_data_V|       pointer|
|in_stream_TVALID    |   in|    1|        axis|   in_stream_V_dest_V|       pointer|
|in_stream_TREADY    |  out|    1|        axis|   in_stream_V_dest_V|       pointer|
|in_stream_TDEST     |   in|    1|        axis|   in_stream_V_dest_V|       pointer|
|in_stream_TKEEP     |   in|    1|        axis|   in_stream_V_keep_V|       pointer|
|in_stream_TSTRB     |   in|    1|        axis|   in_stream_V_strb_V|       pointer|
|in_stream_TUSER     |   in|    1|        axis|   in_stream_V_user_V|       pointer|
|in_stream_TLAST     |   in|    1|        axis|   in_stream_V_last_V|       pointer|
|in_stream_TID       |   in|    1|        axis|     in_stream_V_id_V|       pointer|
|out_stream_TDATA    |  out|    8|        axis|  out_stream_V_data_V|       pointer|
|out_stream_TVALID   |  out|    1|        axis|  out_stream_V_dest_V|       pointer|
|out_stream_TREADY   |   in|    1|        axis|  out_stream_V_dest_V|       pointer|
|out_stream_TDEST    |  out|    1|        axis|  out_stream_V_dest_V|       pointer|
|out_stream_TKEEP    |  out|    1|        axis|  out_stream_V_keep_V|       pointer|
|out_stream_TSTRB    |  out|    1|        axis|  out_stream_V_strb_V|       pointer|
|out_stream_TUSER    |  out|    1|        axis|  out_stream_V_user_V|       pointer|
|out_stream_TLAST    |  out|    1|        axis|  out_stream_V_last_V|       pointer|
|out_stream_TID      |  out|    1|        axis|    out_stream_V_id_V|       pointer|
+--------------------+-----+-----+------------+---------------------+--------------+

