

================================================================
== Vitis HLS Report for 'sobel_core_Pipeline_row_loop_col_loop'
================================================================
* Date:           Sun May 10 00:38:21 2026

* Version:        2025.2 (Build 6295257 on Nov 12 2025)
* Project:        sobel_top
* Solution:       hls (Vivado IP Flow Target)
* Product family: zynq
* Target device:  xc7z020-clg400-1


================================================================
== Performance Estimates
================================================================
+ Timing: 
    * Summary: 
    +--------+---------+----------+------------+
    |  Clock |  Target | Estimated| Uncertainty|
    +--------+---------+----------+------------+
    |ap_clk  |  8.00 ns|  5.799 ns|     2.16 ns|
    +--------+---------+----------+------------+

+ Latency: 
    * Summary: 
    +---------+---------+-----------+-----------+-----+-----+-------------------+
    |  Latency (cycles) |   Latency (absolute)  |  Interval |      Pipeline     |
    |   min   |   max   |    min    |    max    | min | max |        Type       |
    +---------+---------+-----------+-----------+-----+-----+-------------------+
    |        9|  3686408|  72.000 ns|  29.491 ms|    0|    0|  loop pipeline stp|
    +---------+---------+-----------+-----------+-----+-----+-------------------+

    + Detail: 
        * Instance: 
        N/A

        * Loop: 
        +---------------------+---------+---------+----------+-----------+-----------+-------------+----------+
        |                     |  Latency (cycles) | Iteration|  Initiation Interval  |     Trip    |          |
        |      Loop Name      |   min   |   max   |  Latency |  achieved |   target  |    Count    | Pipelined|
        +---------------------+---------+---------+----------+-----------+-----------+-------------+----------+
        |- row_loop_col_loop  |        7|  3686406|         8|          1|          1|  1 ~ 3686400|       yes|
        +---------------------+---------+---------+----------+-----------+-----------+-------------+----------+

============================================================
+ Verbose Summary: Synthesis Manager
============================================================
InlineROM: 1
ExposeGlobal: 0
============================================================
+ Verbose Summary: CDFG Model
============================================================
IsTopModel: 0
ResetActiveHigh: 1
IsCombinational: 0
IsDatapathOnly: 0
HasWiredReturn: 1
HasMFsm: 2
HasVarLatency: 1
IsPipeline: 0
IsRtlPipelined: 0
IsInstanceOverlapped: 0
IsDontTouch: 0
HasImplIP: 0
IsGatedGlobalClock: 0

+ Individual pipeline summary: 
  * Pipeline-0: initiation interval (II) = 1, depth = 8


============================================================
+ Verbose Summary: Schedule
============================================================
* Number of FSM states : 8
* Pipeline : 1
  Pipeline-0 : II = 1, D = 8, States = { 1 2 3 4 5 6 7 8 }
* Dataflow Pipeline: 0

* FSM state transitions: 
1 --> 2 
2 --> 3 
3 --> 4 
4 --> 5 
5 --> 6 
6 --> 7 
7 --> 8 
8 --> 

* FSM state operations: 

State 1 <SV = 0> <Delay = 5.43>
ST_1 : Operation 11 [1/1] (0.00ns)   --->   "%reuse_addr_reg28 = alloca i32 1"   --->   Operation 11 'alloca' 'reuse_addr_reg28' <Predicate = true> <Delay = 0.00>
ST_1 : Operation 12 [1/1] (0.00ns)   --->   "%reuse_reg27 = alloca i32 1"   --->   Operation 12 'alloca' 'reuse_reg27' <Predicate = true> <Delay = 0.00>
ST_1 : Operation 13 [1/1] (0.00ns)   --->   "%reuse_addr_reg = alloca i32 1"   --->   Operation 13 'alloca' 'reuse_addr_reg' <Predicate = true> <Delay = 0.00>
ST_1 : Operation 14 [1/1] (0.00ns)   --->   "%reuse_reg = alloca i32 1"   --->   Operation 14 'alloca' 'reuse_reg' <Predicate = true> <Delay = 0.00>
ST_1 : Operation 15 [1/1] (0.00ns)   --->   "%idx_1 = alloca i32 1" [../src/sobel_core.cpp:48]   --->   Operation 15 'alloca' 'idx_1' <Predicate = true> <Delay = 0.00>
ST_1 : Operation 16 [1/1] (0.00ns)   --->   "%col = alloca i32 1" [../src/window_generator.cpp:4->../src/sobel_core.cpp:60]   --->   Operation 16 'alloca' 'col' <Predicate = true> <Delay = 0.00>
ST_1 : Operation 17 [1/1] (0.00ns)   --->   "%p_0_0_08371182 = alloca i32 1"   --->   Operation 17 'alloca' 'p_0_0_08371182' <Predicate = true> <Delay = 0.00>
ST_1 : Operation 18 [1/1] (0.00ns)   --->   "%p10 = alloca i32 1" [../src/sobel_core.cpp:69]   --->   Operation 18 'alloca' 'p10' <Predicate = true> <Delay = 0.00>
ST_1 : Operation 19 [1/1] (0.00ns)   --->   "%p_0_0_08331186 = alloca i32 1"   --->   Operation 19 'alloca' 'p_0_0_08331186' <Predicate = true> <Delay = 0.00>
ST_1 : Operation 20 [1/1] (0.00ns)   --->   "%idx = alloca i32 1" [../src/sobel_core.cpp:48]   --->   Operation 20 'alloca' 'idx' <Predicate = true> <Delay = 0.00>
ST_1 : Operation 21 [1/1] (0.00ns)   --->   "%row = alloca i32 1" [../src/sobel_core.cpp:51]   --->   Operation 21 'alloca' 'row' <Predicate = true> <Delay = 0.00>
ST_1 : Operation 22 [1/1] (0.00ns)   --->   "%indvar_flatten = alloca i32 1"   --->   Operation 22 'alloca' 'indvar_flatten' <Predicate = true> <Delay = 0.00>
ST_1 : Operation 23 [1/1] (0.00ns)   --->   "%p01 = alloca i32 1" [../src/sobel_core.cpp:66]   --->   Operation 23 'alloca' 'p01' <Predicate = true> <Delay = 0.00>
ST_1 : Operation 24 [1/1] (0.00ns)   --->   "%p_0_0_08341185 = alloca i32 1"   --->   Operation 24 'alloca' 'p_0_0_08341185' <Predicate = true> <Delay = 0.00>
ST_1 : Operation 25 [1/1] (0.00ns)   --->   "%p21 = alloca i32 1" [../src/sobel_core.cpp:73]   --->   Operation 25 'alloca' 'p21' <Predicate = true> <Delay = 0.00>
ST_1 : Operation 26 [1/1] (0.00ns)   --->   "%add_ln51_read = read i11 @_ssdm_op_Read.ap_auto.i11, i11 %add_ln51"   --->   Operation 26 'read' 'add_ln51_read' <Predicate = true> <Delay = 0.00>
ST_1 : Operation 27 [1/1] (0.00ns)   --->   "%add_ln95_read = read i11 @_ssdm_op_Read.ap_auto.i11, i11 %add_ln95"   --->   Operation 27 'read' 'add_ln95_read' <Predicate = true> <Delay = 0.00>
ST_1 : Operation 28 [1/1] (0.00ns)   --->   "%zext_ln53_1_read = read i11 @_ssdm_op_Read.ap_auto.i11, i11 %zext_ln53_1"   --->   Operation 28 'read' 'zext_ln53_1_read' <Predicate = true> <Delay = 0.00>
ST_1 : Operation 29 [1/1] (0.00ns)   --->   "%mul_ln95_read = read i22 @_ssdm_op_Read.ap_auto.i22, i22 %mul_ln95"   --->   Operation 29 'read' 'mul_ln95_read' <Predicate = true> <Delay = 0.00>
ST_1 : Operation 30 [1/1] (0.00ns)   --->   "%width_read = read i11 @_ssdm_op_Read.ap_auto.i11, i11 %width"   --->   Operation 30 'read' 'width_read' <Predicate = true> <Delay = 0.00>
ST_1 : Operation 31 [1/1] (0.00ns)   --->   "%zext_ln53_1_cast = zext i11 %zext_ln53_1_read"   --->   Operation 31 'zext' 'zext_ln53_1_cast' <Predicate = true> <Delay = 0.00>
ST_1 : Operation 32 [1/1] (0.00ns)   --->   "%specaxissidechannel_ln0 = specaxissidechannel void @_ssdm_op_SpecAXISSideChannel, i8 %out_stream_V_data_V, i1 %out_stream_V_keep_V, i1 %out_stream_V_strb_V, i1 %out_stream_V_user_V, i1 %out_stream_V_last_V, i1 %out_stream_V_id_V, i1 %out_stream_V_dest_V, void @empty_7"   --->   Operation 32 'specaxissidechannel' 'specaxissidechannel_ln0' <Predicate = true> <Delay = 0.00>
ST_1 : Operation 33 [1/1] (0.00ns)   --->   "%specaxissidechannel_ln0 = specaxissidechannel void @_ssdm_op_SpecAXISSideChannel, i8 %in_stream_V_data_V, i1 %in_stream_V_keep_V, i1 %in_stream_V_strb_V, i1 %in_stream_V_user_V, i1 %in_stream_V_last_V, i1 %in_stream_V_id_V, i1 %in_stream_V_dest_V, void @empty_8"   --->   Operation 33 'specaxissidechannel' 'specaxissidechannel_ln0' <Predicate = true> <Delay = 0.00>
ST_1 : Operation 34 [1/1] (0.00ns)   --->   "%specmemcore_ln0 = specmemcore void @_ssdm_op_SpecMemCore, i8 %linebuf1, i64 666, i64 22, i64 18446744073709551615, i1 0"   --->   Operation 34 'specmemcore' 'specmemcore_ln0' <Predicate = true> <Delay = 0.00>
ST_1 : Operation 35 [1/1] (0.00ns)   --->   "%specmemcore_ln0 = specmemcore void @_ssdm_op_SpecMemCore, i8 %linebuf0, i64 666, i64 22, i64 18446744073709551615, i1 0"   --->   Operation 35 'specmemcore' 'specmemcore_ln0' <Predicate = true> <Delay = 0.00>
ST_1 : Operation 36 [1/1] (0.00ns)   --->   "%specinterface_ln0 = specinterface void @_ssdm_op_SpecInterface, i8 %in_stream_V_data_V, i1 %in_stream_V_keep_V, i1 %in_stream_V_strb_V, i1 %in_stream_V_user_V, i1 %in_stream_V_last_V, i1 %in_stream_V_id_V, i1 %in_stream_V_dest_V, void @empty, i32 0, i32 0, void @empty_0, i32 0, i32 0, void @empty_1, void @empty_1, void @empty_1, i32 0, i32 0, i32 0, i32 0, void @empty_1, void @empty_1, i32 4294967295, i32 0, i32 0, i32 0"   --->   Operation 36 'specinterface' 'specinterface_ln0' <Predicate = true> <Delay = 0.00>
ST_1 : Operation 37 [1/1] (0.00ns)   --->   "%specinterface_ln0 = specinterface void @_ssdm_op_SpecInterface, i8 %out_stream_V_data_V, i1 %out_stream_V_keep_V, i1 %out_stream_V_strb_V, i1 %out_stream_V_user_V, i1 %out_stream_V_last_V, i1 %out_stream_V_id_V, i1 %out_stream_V_dest_V, void @empty, i32 0, i32 0, void @empty_0, i32 0, i32 0, void @empty_1, void @empty_1, void @empty_1, i32 0, i32 0, i32 0, i32 0, void @empty_1, void @empty_1, i32 4294967295, i32 0, i32 0, i32 0"   --->   Operation 37 'specinterface' 'specinterface_ln0' <Predicate = true> <Delay = 0.00>
ST_1 : Operation 38 [1/1] (1.58ns)   --->   "%store_ln73 = store i8 0, i8 %p21" [../src/sobel_core.cpp:73]   --->   Operation 38 'store' 'store_ln73' <Predicate = true> <Delay = 1.58>
ST_1 : Operation 39 [1/1] (1.58ns)   --->   "%store_ln0 = store i8 0, i8 %p_0_0_08341185"   --->   Operation 39 'store' 'store_ln0' <Predicate = true> <Delay = 1.58>
ST_1 : Operation 40 [1/1] (1.58ns)   --->   "%store_ln66 = store i8 0, i8 %p01" [../src/sobel_core.cpp:66]   --->   Operation 40 'store' 'store_ln66' <Predicate = true> <Delay = 1.58>
ST_1 : Operation 41 [1/1] (1.58ns)   --->   "%store_ln0 = store i22 0, i22 %indvar_flatten"   --->   Operation 41 'store' 'store_ln0' <Predicate = true> <Delay = 1.58>
ST_1 : Operation 42 [1/1] (1.58ns)   --->   "%store_ln51 = store i11 0, i11 %row" [../src/sobel_core.cpp:51]   --->   Operation 42 'store' 'store_ln51' <Predicate = true> <Delay = 1.58>
ST_1 : Operation 43 [1/1] (1.58ns)   --->   "%store_ln48 = store i22 0, i22 %idx" [../src/sobel_core.cpp:48]   --->   Operation 43 'store' 'store_ln48' <Predicate = true> <Delay = 1.58>
ST_1 : Operation 44 [1/1] (1.58ns)   --->   "%store_ln0 = store i8 0, i8 %p_0_0_08331186"   --->   Operation 44 'store' 'store_ln0' <Predicate = true> <Delay = 1.58>
ST_1 : Operation 45 [1/1] (1.58ns)   --->   "%store_ln69 = store i8 0, i8 %p10" [../src/sobel_core.cpp:69]   --->   Operation 45 'store' 'store_ln69' <Predicate = true> <Delay = 1.58>
ST_1 : Operation 46 [1/1] (1.58ns)   --->   "%store_ln0 = store i8 0, i8 %p_0_0_08371182"   --->   Operation 46 'store' 'store_ln0' <Predicate = true> <Delay = 1.58>
ST_1 : Operation 47 [1/1] (1.58ns)   --->   "%store_ln4 = store i11 0, i11 %col" [../src/window_generator.cpp:4->../src/sobel_core.cpp:60]   --->   Operation 47 'store' 'store_ln4' <Predicate = true> <Delay = 1.58>
ST_1 : Operation 48 [1/1] (1.58ns)   --->   "%store_ln48 = store i22 0, i22 %idx_1" [../src/sobel_core.cpp:48]   --->   Operation 48 'store' 'store_ln48' <Predicate = true> <Delay = 1.58>
ST_1 : Operation 49 [1/1] (1.58ns)   --->   "%store_ln0 = store i8 0, i8 %reuse_reg"   --->   Operation 49 'store' 'store_ln0' <Predicate = true> <Delay = 1.58>
ST_1 : Operation 50 [1/1] (1.58ns)   --->   "%store_ln0 = store i64 18446744073709551615, i64 %reuse_addr_reg"   --->   Operation 50 'store' 'store_ln0' <Predicate = true> <Delay = 1.58>
ST_1 : Operation 51 [1/1] (1.58ns)   --->   "%store_ln0 = store i8 0, i8 %reuse_reg27"   --->   Operation 51 'store' 'store_ln0' <Predicate = true> <Delay = 1.58>
ST_1 : Operation 52 [1/1] (1.58ns)   --->   "%store_ln0 = store i64 18446744073709551615, i64 %reuse_addr_reg28"   --->   Operation 52 'store' 'store_ln0' <Predicate = true> <Delay = 1.58>
ST_1 : Operation 53 [1/1] (0.00ns)   --->   "%br_ln51 = br void %for.body37" [../src/sobel_core.cpp:51]   --->   Operation 53 'br' 'br_ln51' <Predicate = true> <Delay = 0.00>
ST_1 : Operation 54 [1/1] (0.00ns)   --->   "%indvar_flatten_load = load i22 %indvar_flatten" [../src/sobel_core.cpp:51]   --->   Operation 54 'load' 'indvar_flatten_load' <Predicate = true> <Delay = 0.00>
ST_1 : Operation 55 [1/1] (2.25ns)   --->   "%icmp_ln51 = icmp_eq  i22 %indvar_flatten_load, i22 %mul_ln95_read" [../src/sobel_core.cpp:51]   --->   Operation 55 'icmp' 'icmp_ln51' <Predicate = true> <Delay = 2.25> <CoreInst = "Cmp">   --->   Core 9 'Cmp' <Latency = 0> <II = 1> <Delay = 2.25> <FuncUnit> <Opcode : 'seteq' 'setne' 'setle' 'setge' 'setlt' 'setgt'> <InPorts = 2> <OutPorts = 1>
ST_1 : Operation 56 [1/1] (2.25ns)   --->   "%add_ln51_1 = add i22 %indvar_flatten_load, i22 1" [../src/sobel_core.cpp:51]   --->   Operation 56 'add' 'add_ln51_1' <Predicate = true> <Delay = 2.25> <CoreInst = "Adder">   --->   Core 1 'Adder' <Latency = 0> <II = 1> <Delay = 2.25> <FuncUnit> <Opcode : 'add' 'sub'> <InPorts = 2> <OutPorts = 1>
ST_1 : Operation 57 [1/1] (0.00ns)   --->   "%br_ln51 = br i1 %icmp_ln51, void %for.cond34.for.inc96_crit_edge, void %return.loopexit.exitStub" [../src/sobel_core.cpp:51]   --->   Operation 57 'br' 'br_ln51' <Predicate = true> <Delay = 0.00>
ST_1 : Operation 58 [1/1] (1.58ns)   --->   "%store_ln51 = store i22 %add_ln51_1, i22 %indvar_flatten" [../src/sobel_core.cpp:51]   --->   Operation 58 'store' 'store_ln51' <Predicate = (!icmp_ln51)> <Delay = 1.58>

State 2 <SV = 1> <Delay = 5.58>
ST_2 : Operation 59 [1/1] (0.00ns)   --->   "%col_3 = load i11 %col" [../src/sobel_core.cpp:53]   --->   Operation 59 'load' 'col_3' <Predicate = true> <Delay = 0.00>
ST_2 : Operation 60 [1/1] (1.63ns)   --->   "%icmp_ln53 = icmp_eq  i11 %col_3, i11 %width_read" [../src/sobel_core.cpp:53]   --->   Operation 60 'icmp' 'icmp_ln53' <Predicate = true> <Delay = 1.63> <CoreInst = "Cmp">   --->   Core 9 'Cmp' <Latency = 0> <II = 1> <Delay = 1.63> <FuncUnit> <Opcode : 'seteq' 'setne' 'setle' 'setge' 'setlt' 'setgt'> <InPorts = 2> <OutPorts = 1>
ST_2 : Operation 61 [1/1] (0.00ns)   --->   "%idx_load = load i22 %idx" [../src/sobel_core.cpp:53]   --->   Operation 61 'load' 'idx_load' <Predicate = (!icmp_ln51)> <Delay = 0.00>
ST_2 : Operation 62 [1/1] (0.00ns)   --->   "%row_load = load i11 %row" [../src/sobel_core.cpp:51]   --->   Operation 62 'load' 'row_load' <Predicate = (!icmp_ln51)> <Delay = 0.00>
ST_2 : Operation 63 [1/1] (0.69ns)   --->   "%select_ln51 = select i1 %icmp_ln53, i11 0, i11 %col_3" [../src/sobel_core.cpp:51]   --->   Operation 63 'select' 'select_ln51' <Predicate = (!icmp_ln51)> <Delay = 0.69> <CoreInst = "Sel">   --->   Core 73 'Sel' <Latency = 0> <II = 1> <Delay = 0.69> <FuncUnit> <Opcode : 'select'> <InPorts = 3> <OutPorts = 1>
ST_2 : Operation 64 [1/1] (2.25ns)   --->   "%add_ln53 = add i22 %idx_load, i22 %zext_ln53_1_cast" [../src/sobel_core.cpp:53]   --->   Operation 64 'add' 'add_ln53' <Predicate = (!icmp_ln51)> <Delay = 2.25> <CoreInst = "Adder">   --->   Core 1 'Adder' <Latency = 0> <II = 1> <Delay = 2.25> <FuncUnit> <Opcode : 'add' 'sub'> <InPorts = 2> <OutPorts = 1>
ST_2 : Operation 65 [1/1] (1.63ns)   --->   "%add_ln51_2 = add i11 %row_load, i11 1" [../src/sobel_core.cpp:51]   --->   Operation 65 'add' 'add_ln51_2' <Predicate = (!icmp_ln51)> <Delay = 1.63> <CoreInst = "Adder">   --->   Core 1 'Adder' <Latency = 0> <II = 1> <Delay = 1.63> <FuncUnit> <Opcode : 'add' 'sub'> <InPorts = 2> <OutPorts = 1>
ST_2 : Operation 66 [1/1] (0.69ns)   --->   "%select_ln51_2 = select i1 %icmp_ln53, i11 %add_ln51_2, i11 %row_load" [../src/sobel_core.cpp:51]   --->   Operation 66 'select' 'select_ln51_2' <Predicate = (!icmp_ln51)> <Delay = 0.69> <CoreInst = "Sel">   --->   Core 73 'Sel' <Latency = 0> <II = 1> <Delay = 0.69> <FuncUnit> <Opcode : 'select'> <InPorts = 3> <OutPorts = 1>
ST_2 : Operation 67 [1/1] (0.70ns)   --->   "%select_ln51_3 = select i1 %icmp_ln53, i22 %add_ln53, i22 %idx_load" [../src/sobel_core.cpp:51]   --->   Operation 67 'select' 'select_ln51_3' <Predicate = (!icmp_ln51)> <Delay = 0.70> <CoreInst = "Sel">   --->   Core 73 'Sel' <Latency = 0> <II = 1> <Delay = 0.70> <FuncUnit> <Opcode : 'select'> <InPorts = 3> <OutPorts = 1>
ST_2 : Operation 68 [1/1] (0.00ns)   --->   "%tmp = partselect i10 @_ssdm_op_PartSelect.i10.i11.i32.i32, i11 %select_ln51_2, i32 1, i32 10" [../src/sobel_core.cpp:64]   --->   Operation 68 'partselect' 'tmp' <Predicate = (!icmp_ln51)> <Delay = 0.00>
ST_2 : Operation 69 [1/1] (1.73ns)   --->   "%icmp_ln64 = icmp_ne  i10 %tmp, i10 0" [../src/sobel_core.cpp:64]   --->   Operation 69 'icmp' 'icmp_ln64' <Predicate = (!icmp_ln51)> <Delay = 1.73> <CoreInst = "Cmp">   --->   Core 9 'Cmp' <Latency = 0> <II = 1> <Delay = 1.73> <FuncUnit> <Opcode : 'seteq' 'setne' 'setle' 'setge' 'setlt' 'setgt'> <InPorts = 2> <OutPorts = 1>
ST_2 : Operation 70 [1/1] (1.63ns)   --->   "%icmp_ln95 = icmp_eq  i11 %select_ln51_2, i11 %add_ln95_read" [../src/sobel_core.cpp:95]   --->   Operation 70 'icmp' 'icmp_ln95' <Predicate = (!icmp_ln51)> <Delay = 1.63> <CoreInst = "Cmp">   --->   Core 9 'Cmp' <Latency = 0> <II = 1> <Delay = 1.63> <FuncUnit> <Opcode : 'seteq' 'setne' 'setle' 'setge' 'setlt' 'setgt'> <InPorts = 2> <OutPorts = 1>
ST_2 : Operation 71 [1/1] ( I:0.51ns O:0.51ns )   --->   "%empty_16 = read i14 @_ssdm_op_Read.axis.volatile.i8P0A.i1P0A.i1P0A.i1P0A.i1P0A.i1P0A.i1P0A, i8 %in_stream_V_data_V, i1 %in_stream_V_keep_V, i1 %in_stream_V_strb_V, i1 %in_stream_V_user_V, i1 %in_stream_V_last_V, i1 %in_stream_V_id_V, i1 %in_stream_V_dest_V" [../src/sobel_core.cpp:56]   --->   Operation 71 'read' 'empty_16' <Predicate = (!icmp_ln51)> <Delay = 0.51> <CoreInst = "regslice">   --->   Core 135 'regslice' <Latency = 0> <II = 1> <Delay = 2.22> <Adapter> <Opcode : 'read' 'write'>
ST_2 : Operation 72 [1/1] (0.00ns)   --->   "%in_pkt_data = extractvalue i14 %empty_16" [../src/sobel_core.cpp:56]   --->   Operation 72 'extractvalue' 'in_pkt_data' <Predicate = (!icmp_ln51)> <Delay = 0.00>
ST_2 : Operation 73 [1/1] (0.00ns)   --->   "%zext_ln10 = zext i11 %select_ln51" [../src/window_generator.cpp:10->../src/sobel_core.cpp:60]   --->   Operation 73 'zext' 'zext_ln10' <Predicate = (!icmp_ln51)> <Delay = 0.00>
ST_2 : Operation 74 [1/1] (0.00ns)   --->   "%linebuf1_addr = getelementptr i8 %linebuf1, i64 0, i64 %zext_ln10" [../src/window_generator.cpp:11->../src/sobel_core.cpp:60]   --->   Operation 74 'getelementptr' 'linebuf1_addr' <Predicate = (!icmp_ln51)> <Delay = 0.00>
ST_2 : Operation 75 [2/2] (3.25ns)   --->   "%linebuf1_load = load i11 %linebuf1_addr" [../src/window_generator.cpp:24->../src/sobel_core.cpp:60]   --->   Operation 75 'load' 'linebuf1_load' <Predicate = (!icmp_ln51)> <Delay = 3.25> <CoreInst = "RAM_2P_BRAM">   --->   Core 90 'RAM_2P_BRAM' <Latency = 1> <II = 1> <Delay = 3.25> <Storage> <Opcode : 'load' 'store'> <Ports = 2> <Width = 8> <Depth = 1920> <RAM>
ST_2 : Operation 76 [1/1] ( I:3.25ns O:3.25ns )   --->   "%store_ln25 = store i8 %in_pkt_data, i11 %linebuf1_addr" [../src/window_generator.cpp:25->../src/sobel_core.cpp:60]   --->   Operation 76 'store' 'store_ln25' <Predicate = (!icmp_ln51)> <Delay = 3.25> <CoreInst = "RAM_2P_BRAM">   --->   Core 90 'RAM_2P_BRAM' <Latency = 1> <II = 1> <Delay = 3.25> <Storage> <Opcode : 'load' 'store'> <Ports = 2> <Width = 8> <Depth = 1920> <RAM>
ST_2 : Operation 77 [1/1] (0.00ns)   --->   "%tmp_1 = partselect i10 @_ssdm_op_PartSelect.i10.i11.i32.i32, i11 %select_ln51, i32 1, i32 10" [../src/sobel_core.cpp:64]   --->   Operation 77 'partselect' 'tmp_1' <Predicate = (!icmp_ln51)> <Delay = 0.00>
ST_2 : Operation 78 [1/1] (1.73ns)   --->   "%icmp_ln64_1 = icmp_ne  i10 %tmp_1, i10 0" [../src/sobel_core.cpp:64]   --->   Operation 78 'icmp' 'icmp_ln64_1' <Predicate = (!icmp_ln51)> <Delay = 1.73> <CoreInst = "Cmp">   --->   Core 9 'Cmp' <Latency = 0> <II = 1> <Delay = 1.73> <FuncUnit> <Opcode : 'seteq' 'setne' 'setle' 'setge' 'setlt' 'setgt'> <InPorts = 2> <OutPorts = 1>
ST_2 : Operation 79 [1/1] (1.63ns)   --->   "%icmp_ln95_1 = icmp_eq  i11 %select_ln51, i11 %add_ln51_read" [../src/sobel_core.cpp:95]   --->   Operation 79 'icmp' 'icmp_ln95_1' <Predicate = (!icmp_ln51)> <Delay = 1.63> <CoreInst = "Cmp">   --->   Core 9 'Cmp' <Latency = 0> <II = 1> <Delay = 1.63> <FuncUnit> <Opcode : 'seteq' 'setne' 'setle' 'setge' 'setlt' 'setgt'> <InPorts = 2> <OutPorts = 1>
ST_2 : Operation 80 [1/1] (0.97ns)   --->   "%and_ln95 = and i1 %icmp_ln95, i1 %icmp_ln95_1" [../src/sobel_core.cpp:95]   --->   Operation 80 'and' 'and_ln95' <Predicate = (!icmp_ln51)> <Delay = 0.97> <CoreInst = "LogicGate">   --->   Core 74 'LogicGate' <Latency = 0> <II = 1> <Delay = 0.97> <FuncUnit> <Opcode : 'and' 'or' 'xor'> <InPorts = 2> <OutPorts = 1>
ST_2 : Operation 81 [1/1] (1.63ns)   --->   "%col_4 = add i11 %select_ln51, i11 1" [../src/sobel_core.cpp:53]   --->   Operation 81 'add' 'col_4' <Predicate = (!icmp_ln51)> <Delay = 1.63> <CoreInst = "Adder">   --->   Core 1 'Adder' <Latency = 0> <II = 1> <Delay = 1.63> <FuncUnit> <Opcode : 'add' 'sub'> <InPorts = 2> <OutPorts = 1>
ST_2 : Operation 82 [1/1] (1.58ns)   --->   "%store_ln51 = store i11 %select_ln51_2, i11 %row" [../src/sobel_core.cpp:51]   --->   Operation 82 'store' 'store_ln51' <Predicate = (!icmp_ln51)> <Delay = 1.58>
ST_2 : Operation 83 [1/1] (1.58ns)   --->   "%store_ln48 = store i22 %select_ln51_3, i22 %idx" [../src/sobel_core.cpp:48]   --->   Operation 83 'store' 'store_ln48' <Predicate = (!icmp_ln51)> <Delay = 1.58>
ST_2 : Operation 84 [1/1] (1.58ns)   --->   "%store_ln4 = store i11 %col_4, i11 %col" [../src/window_generator.cpp:4->../src/sobel_core.cpp:60]   --->   Operation 84 'store' 'store_ln4' <Predicate = (!icmp_ln51)> <Delay = 1.58>

State 3 <SV = 2> <Delay = 4.76>
ST_3 : Operation 85 [1/1] (0.00ns)   --->   "%idx_1_load = load i22 %idx_1" [../src/sobel_core.cpp:51]   --->   Operation 85 'load' 'idx_1_load' <Predicate = (!icmp_ln51 & !icmp_ln53)> <Delay = 0.00>
ST_3 : Operation 86 [1/1] (0.70ns)   --->   "%select_ln51_1 = select i1 %icmp_ln53, i22 %add_ln53, i22 %idx_1_load" [../src/sobel_core.cpp:51]   --->   Operation 86 'select' 'select_ln51_1' <Predicate = (!icmp_ln51)> <Delay = 0.70> <CoreInst = "Sel">   --->   Core 73 'Sel' <Latency = 0> <II = 1> <Delay = 0.70> <FuncUnit> <Opcode : 'select'> <InPorts = 3> <OutPorts = 1>
ST_3 : Operation 87 [1/1] (0.00ns)   --->   "%linebuf0_addr = getelementptr i8 %linebuf0, i64 0, i64 %zext_ln10" [../src/window_generator.cpp:10->../src/sobel_core.cpp:60]   --->   Operation 87 'getelementptr' 'linebuf0_addr' <Predicate = (!icmp_ln51)> <Delay = 0.00>
ST_3 : Operation 88 [1/1] (0.00ns)   --->   "%reuse_addr_reg28_load = load i64 %reuse_addr_reg28"   --->   Operation 88 'load' 'reuse_addr_reg28_load' <Predicate = (!icmp_ln51)> <Delay = 0.00>
ST_3 : Operation 89 [2/2] (3.25ns)   --->   "%linebuf0_load = load i11 %linebuf0_addr" [../src/window_generator.cpp:20->../src/sobel_core.cpp:60]   --->   Operation 89 'load' 'linebuf0_load' <Predicate = (!icmp_ln51)> <Delay = 3.25> <CoreInst = "RAM_2P_BRAM">   --->   Core 90 'RAM_2P_BRAM' <Latency = 1> <II = 1> <Delay = 3.25> <Storage> <Opcode : 'load' 'store'> <Ports = 2> <Width = 8> <Depth = 1920> <RAM>
ST_3 : Operation 90 [1/1] (3.52ns)   --->   "%addr_cmp31 = icmp_eq  i64 %reuse_addr_reg28_load, i64 %zext_ln10" [../src/window_generator.cpp:10->../src/sobel_core.cpp:60]   --->   Operation 90 'icmp' 'addr_cmp31' <Predicate = (!icmp_ln51)> <Delay = 3.52> <CoreInst = "Cmp">   --->   Core 9 'Cmp' <Latency = 0> <II = 1> <Delay = 3.52> <FuncUnit> <Opcode : 'seteq' 'setne' 'setle' 'setge' 'setlt' 'setgt'> <InPorts = 2> <OutPorts = 1>
ST_3 : Operation 91 [1/1] (0.00ns)   --->   "%reuse_reg_load = load i8 %reuse_reg"   --->   Operation 91 'load' 'reuse_reg_load' <Predicate = (!icmp_ln51)> <Delay = 0.00>
ST_3 : Operation 92 [1/1] (0.00ns)   --->   "%reuse_addr_reg_load = load i64 %reuse_addr_reg"   --->   Operation 92 'load' 'reuse_addr_reg_load' <Predicate = (!icmp_ln51)> <Delay = 0.00>
ST_3 : Operation 93 [1/2] ( I:3.25ns O:3.25ns )   --->   "%linebuf1_load = load i11 %linebuf1_addr" [../src/window_generator.cpp:24->../src/sobel_core.cpp:60]   --->   Operation 93 'load' 'linebuf1_load' <Predicate = (!icmp_ln51)> <Delay = 3.25> <CoreInst = "RAM_2P_BRAM">   --->   Core 90 'RAM_2P_BRAM' <Latency = 1> <II = 1> <Delay = 3.25> <Storage> <Opcode : 'load' 'store'> <Ports = 2> <Width = 8> <Depth = 1920> <RAM>
ST_3 : Operation 94 [1/1] (3.52ns)   --->   "%addr_cmp = icmp_eq  i64 %reuse_addr_reg_load, i64 %zext_ln10" [../src/window_generator.cpp:10->../src/sobel_core.cpp:60]   --->   Operation 94 'icmp' 'addr_cmp' <Predicate = (!icmp_ln51)> <Delay = 3.52> <CoreInst = "Cmp">   --->   Core 9 'Cmp' <Latency = 0> <II = 1> <Delay = 3.52> <FuncUnit> <Opcode : 'seteq' 'setne' 'setle' 'setge' 'setlt' 'setgt'> <InPorts = 2> <OutPorts = 1>
ST_3 : Operation 95 [1/1] (1.24ns)   --->   "%p12 = select i1 %addr_cmp, i8 %reuse_reg_load, i8 %linebuf1_load" [../src/window_generator.cpp:10->../src/sobel_core.cpp:60]   --->   Operation 95 'select' 'p12' <Predicate = (!icmp_ln51)> <Delay = 1.24> <CoreInst = "Sel">   --->   Core 73 'Sel' <Latency = 0> <II = 1> <Delay = 1.24> <FuncUnit> <Opcode : 'select'> <InPorts = 3> <OutPorts = 1>
ST_3 : Operation 96 [1/1] (1.58ns)   --->   "%store_ln10 = store i64 %zext_ln10, i64 %reuse_addr_reg28" [../src/window_generator.cpp:10->../src/sobel_core.cpp:60]   --->   Operation 96 'store' 'store_ln10' <Predicate = (!icmp_ln51)> <Delay = 1.58>
ST_3 : Operation 97 [1/1] (1.58ns)   --->   "%store_ln56 = store i8 %in_pkt_data, i8 %reuse_reg" [../src/sobel_core.cpp:56]   --->   Operation 97 'store' 'store_ln56' <Predicate = (!icmp_ln51)> <Delay = 1.58>
ST_3 : Operation 98 [1/1] (1.58ns)   --->   "%store_ln10 = store i64 %zext_ln10, i64 %reuse_addr_reg" [../src/window_generator.cpp:10->../src/sobel_core.cpp:60]   --->   Operation 98 'store' 'store_ln10' <Predicate = (!icmp_ln51)> <Delay = 1.58>
ST_3 : Operation 99 [1/1] (2.25ns)   --->   "%icmp_ln92 = icmp_eq  i22 %select_ln51_1, i22 0" [../src/sobel_core.cpp:92]   --->   Operation 99 'icmp' 'icmp_ln92' <Predicate = (!icmp_ln51)> <Delay = 2.25> <CoreInst = "Cmp">   --->   Core 9 'Cmp' <Latency = 0> <II = 1> <Delay = 2.25> <FuncUnit> <Opcode : 'seteq' 'setne' 'setle' 'setge' 'setlt' 'setgt'> <InPorts = 2> <OutPorts = 1>
ST_3 : Operation 100 [1/1] (2.25ns)   --->   "%idx_3 = add i22 %select_ln51_1, i22 1" [../src/sobel_core.cpp:99]   --->   Operation 100 'add' 'idx_3' <Predicate = (!icmp_ln51)> <Delay = 2.25> <CoreInst = "Adder">   --->   Core 1 'Adder' <Latency = 0> <II = 1> <Delay = 2.25> <FuncUnit> <Opcode : 'add' 'sub'> <InPorts = 2> <OutPorts = 1>
ST_3 : Operation 101 [1/1] (1.58ns)   --->   "%store_ln48 = store i22 %idx_3, i22 %idx_1" [../src/sobel_core.cpp:48]   --->   Operation 101 'store' 'store_ln48' <Predicate = (!icmp_ln51)> <Delay = 1.58>

State 4 <SV = 3> <Delay = 4.50>
ST_4 : Operation 102 [1/1] (0.00ns)   --->   "%reuse_reg27_load = load i8 %reuse_reg27"   --->   Operation 102 'load' 'reuse_reg27_load' <Predicate = (!icmp_ln51 & addr_cmp31)> <Delay = 0.00>
ST_4 : Operation 103 [1/2] ( I:3.25ns O:3.25ns )   --->   "%linebuf0_load = load i11 %linebuf0_addr" [../src/window_generator.cpp:20->../src/sobel_core.cpp:60]   --->   Operation 103 'load' 'linebuf0_load' <Predicate = (!icmp_ln51)> <Delay = 3.25> <CoreInst = "RAM_2P_BRAM">   --->   Core 90 'RAM_2P_BRAM' <Latency = 1> <II = 1> <Delay = 3.25> <Storage> <Opcode : 'load' 'store'> <Ports = 2> <Width = 8> <Depth = 1920> <RAM>
ST_4 : Operation 104 [1/1] (1.24ns)   --->   "%reuse_select32 = select i1 %addr_cmp31, i8 %reuse_reg27_load, i8 %linebuf0_load" [../src/window_generator.cpp:10->../src/sobel_core.cpp:60]   --->   Operation 104 'select' 'reuse_select32' <Predicate = (!icmp_ln51)> <Delay = 1.24> <CoreInst = "Sel">   --->   Core 73 'Sel' <Latency = 0> <II = 1> <Delay = 1.24> <FuncUnit> <Opcode : 'select'> <InPorts = 3> <OutPorts = 1>
ST_4 : Operation 105 [1/1] ( I:3.25ns O:3.25ns )   --->   "%store_ln24 = store i8 %p12, i11 %linebuf0_addr" [../src/window_generator.cpp:24->../src/sobel_core.cpp:60]   --->   Operation 105 'store' 'store_ln24' <Predicate = (!icmp_ln51)> <Delay = 3.25> <CoreInst = "RAM_2P_BRAM">   --->   Core 90 'RAM_2P_BRAM' <Latency = 1> <II = 1> <Delay = 3.25> <Storage> <Opcode : 'load' 'store'> <Ports = 2> <Width = 8> <Depth = 1920> <RAM>
ST_4 : Operation 106 [1/1] (1.58ns)   --->   "%store_ln10 = store i8 %p12, i8 %reuse_reg27" [../src/window_generator.cpp:10->../src/sobel_core.cpp:60]   --->   Operation 106 'store' 'store_ln10' <Predicate = (!icmp_ln51)> <Delay = 1.58>

State 5 <SV = 4> <Delay = 5.57>
ST_5 : Operation 107 [1/1] (0.00ns)   --->   "%p01_1 = load i8 %p01" [../src/sobel_core.cpp:80]   --->   Operation 107 'load' 'p01_1' <Predicate = true> <Delay = 0.00>
ST_5 : Operation 108 [1/1] (0.00ns)   --->   "%p21_1 = load i8 %p21" [../src/sobel_core.cpp:81]   --->   Operation 108 'load' 'p21_1' <Predicate = true> <Delay = 0.00>
ST_5 : Operation 109 [1/1] (0.00ns)   --->   "%p_0_0_08371182_load = load i8 %p_0_0_08371182" [../src/sobel_core.cpp:76]   --->   Operation 109 'load' 'p_0_0_08371182_load' <Predicate = (!icmp_ln51)> <Delay = 0.00>
ST_5 : Operation 110 [1/1] (0.00ns)   --->   "%p_0_0_08331186_load = load i8 %p_0_0_08331186" [../src/sobel_core.cpp:77]   --->   Operation 110 'load' 'p_0_0_08331186_load' <Predicate = (!icmp_ln51)> <Delay = 0.00>
ST_5 : Operation 111 [1/1] (0.00ns)   --->   "%zext_ln76 = zext i8 %p_0_0_08371182_load" [../src/sobel_core.cpp:76]   --->   Operation 111 'zext' 'zext_ln76' <Predicate = (!icmp_ln51)> <Delay = 0.00>
ST_5 : Operation 112 [1/1] (0.00ns)   --->   "%zext_ln76_1 = zext i8 %p_0_0_08371182_load" [../src/sobel_core.cpp:76]   --->   Operation 112 'zext' 'zext_ln76_1' <Predicate = (!icmp_ln51)> <Delay = 0.00>
ST_5 : Operation 113 [1/1] (0.00ns)   --->   "%zext_ln77 = zext i8 %p_0_0_08331186_load" [../src/sobel_core.cpp:77]   --->   Operation 113 'zext' 'zext_ln77' <Predicate = (!icmp_ln51)> <Delay = 0.00>
ST_5 : Operation 114 [1/1] (0.00ns)   --->   "%zext_ln77_1 = zext i8 %p_0_0_08331186_load" [../src/sobel_core.cpp:77]   --->   Operation 114 'zext' 'zext_ln77_1' <Predicate = (!icmp_ln51)> <Delay = 0.00>
ST_5 : Operation 115 [1/1] (1.91ns)   --->   "%add_ln76 = add i9 %zext_ln77_1, i9 %zext_ln76_1" [../src/sobel_core.cpp:76]   --->   Operation 115 'add' 'add_ln76' <Predicate = (!icmp_ln51)> <Delay = 1.91> <CoreInst = "Adder">   --->   Core 1 'Adder' <Latency = 0> <II = 1> <Delay = 1.91> <FuncUnit> <Opcode : 'add' 'sub'> <InPorts = 2> <OutPorts = 1>
ST_5 : Operation 116 [1/1] (0.00ns)   --->   "%shl_ln2 = bitconcatenate i9 @_ssdm_op_BitConcatenate.i9.i8.i1, i8 %p01_1, i1 0" [../src/sobel_core.cpp:80]   --->   Operation 116 'bitconcatenate' 'shl_ln2' <Predicate = (!icmp_ln51)> <Delay = 0.00>
ST_5 : Operation 117 [1/1] (0.00ns)   --->   "%zext_ln80_1 = zext i9 %shl_ln2" [../src/sobel_core.cpp:80]   --->   Operation 117 'zext' 'zext_ln80_1' <Predicate = (!icmp_ln51)> <Delay = 0.00>
ST_5 : Operation 118 [1/1] (0.00ns)   --->   "%shl_ln3 = bitconcatenate i9 @_ssdm_op_BitConcatenate.i9.i8.i1, i8 %p21_1, i1 0" [../src/sobel_core.cpp:81]   --->   Operation 118 'bitconcatenate' 'shl_ln3' <Predicate = (!icmp_ln51)> <Delay = 0.00>
ST_5 : Operation 119 [1/1] (0.00ns)   --->   "%zext_ln81 = zext i9 %shl_ln3" [../src/sobel_core.cpp:81]   --->   Operation 119 'zext' 'zext_ln81' <Predicate = (!icmp_ln51)> <Delay = 0.00>
ST_5 : Operation 120 [1/1] (1.82ns)   --->   "%add_ln80 = add i10 %zext_ln81, i10 %zext_ln77" [../src/sobel_core.cpp:80]   --->   Operation 120 'add' 'add_ln80' <Predicate = (!icmp_ln51)> <Delay = 1.82> <CoreInst = "Adder">   --->   Core 1 'Adder' <Latency = 0> <II = 1> <Delay = 1.82> <FuncUnit> <Opcode : 'add' 'sub'> <InPorts = 2> <OutPorts = 1>
ST_5 : Operation 121 [1/1] (0.00ns)   --->   "%zext_ln80_2 = zext i10 %add_ln80" [../src/sobel_core.cpp:80]   --->   Operation 121 'zext' 'zext_ln80_2' <Predicate = (!icmp_ln51)> <Delay = 0.00>
ST_5 : Operation 122 [1/1] (0.00ns) (grouped into TernaryAdder)   --->   "%gy_top = sub i11 %zext_ln80_2, i11 %zext_ln76" [../src/sobel_core.cpp:80]   --->   Operation 122 'sub' 'gy_top' <Predicate = (!icmp_ln51)> <Delay = 0.00> <CoreInst = "TAddSub">   --->   Core 10 'TAddSub' <Latency = 0> <II = 1> <Delay = 1.87> <IPBlock> <Opcode : 'add' 'sub'> <InPorts = 3> <OutPorts = 1> <Sync> <CReg>
ST_5 : Operation 123 [1/1] (3.75ns) (root node of TernaryAdder)   --->   "%sub_ln81 = sub i11 %gy_top, i11 %zext_ln80_1" [../src/sobel_core.cpp:81]   --->   Operation 123 'sub' 'sub_ln81' <Predicate = (!icmp_ln51)> <Delay = 3.75> <CoreInst = "TAddSub">   --->   Core 10 'TAddSub' <Latency = 0> <II = 1> <Delay = 1.87> <IPBlock> <Opcode : 'add' 'sub'> <InPorts = 3> <OutPorts = 1> <Sync> <CReg>
ST_5 : Operation 124 [1/1] (1.58ns)   --->   "%store_ln73 = store i8 %in_pkt_data, i8 %p21" [../src/sobel_core.cpp:73]   --->   Operation 124 'store' 'store_ln73' <Predicate = (!icmp_ln51)> <Delay = 1.58>
ST_5 : Operation 125 [1/1] (1.58ns)   --->   "%store_ln66 = store i8 %reuse_select32, i8 %p01" [../src/sobel_core.cpp:66]   --->   Operation 125 'store' 'store_ln66' <Predicate = (!icmp_ln51)> <Delay = 1.58>
ST_5 : Operation 126 [1/1] (1.58ns)   --->   "%store_ln81 = store i8 %p21_1, i8 %p_0_0_08331186" [../src/sobel_core.cpp:81]   --->   Operation 126 'store' 'store_ln81' <Predicate = (!icmp_ln51)> <Delay = 1.58>
ST_5 : Operation 127 [1/1] (1.58ns)   --->   "%store_ln80 = store i8 %p01_1, i8 %p_0_0_08371182" [../src/sobel_core.cpp:80]   --->   Operation 127 'store' 'store_ln80' <Predicate = (!icmp_ln51)> <Delay = 1.58>

State 6 <SV = 5> <Delay = 5.57>
ST_6 : Operation 128 [1/1] (0.00ns)   --->   "%p_0_0_08341185_load = load i8 %p_0_0_08341185"   --->   Operation 128 'load' 'p_0_0_08341185_load' <Predicate = true> <Delay = 0.00>
ST_6 : Operation 129 [1/1] (0.00ns)   --->   "%p10_load = load i8 %p10" [../src/sobel_core.cpp:76]   --->   Operation 129 'load' 'p10_load' <Predicate = (!icmp_ln51)> <Delay = 0.00>
ST_6 : Operation 130 [1/1] (0.00ns)   --->   "%shl_ln = bitconcatenate i9 @_ssdm_op_BitConcatenate.i9.i8.i1, i8 %p10_load, i1 0" [../src/sobel_core.cpp:76]   --->   Operation 130 'bitconcatenate' 'shl_ln' <Predicate = (!icmp_ln51)> <Delay = 0.00>
ST_6 : Operation 131 [1/1] (0.00ns)   --->   "%zext_ln80 = zext i9 %shl_ln" [../src/sobel_core.cpp:80]   --->   Operation 131 'zext' 'zext_ln80' <Predicate = (!icmp_ln51)> <Delay = 0.00>
ST_6 : Operation 132 [1/1] (0.00ns)   --->   "%shl_ln1 = bitconcatenate i9 @_ssdm_op_BitConcatenate.i9.i8.i1, i8 %p12, i1 0" [../src/sobel_core.cpp:77]   --->   Operation 132 'bitconcatenate' 'shl_ln1' <Predicate = (!icmp_ln51)> <Delay = 0.00>
ST_6 : Operation 133 [1/1] (0.00ns)   --->   "%zext_ln77_2 = zext i9 %shl_ln1" [../src/sobel_core.cpp:77]   --->   Operation 133 'zext' 'zext_ln77_2' <Predicate = (!icmp_ln51)> <Delay = 0.00>
ST_6 : Operation 134 [1/1] (0.00ns)   --->   "%zext_ln77_3 = zext i8 %reuse_select32" [../src/sobel_core.cpp:77]   --->   Operation 134 'zext' 'zext_ln77_3' <Predicate = (!icmp_ln51)> <Delay = 0.00>
ST_6 : Operation 135 [1/1] (0.00ns)   --->   "%zext_ln77_4 = zext i8 %reuse_select32" [../src/sobel_core.cpp:77]   --->   Operation 135 'zext' 'zext_ln77_4' <Predicate = (!icmp_ln51)> <Delay = 0.00>
ST_6 : Operation 136 [1/1] (0.00ns)   --->   "%zext_ln76_2 = zext i8 %in_pkt_data" [../src/sobel_core.cpp:76]   --->   Operation 136 'zext' 'zext_ln76_2' <Predicate = (!icmp_ln51)> <Delay = 0.00>
ST_6 : Operation 137 [1/1] (0.00ns)   --->   "%zext_ln76_3 = zext i9 %add_ln76" [../src/sobel_core.cpp:76]   --->   Operation 137 'zext' 'zext_ln76_3' <Predicate = (!icmp_ln51)> <Delay = 0.00>
ST_6 : Operation 138 [1/1] (1.82ns)   --->   "%add_ln76_1 = add i10 %zext_ln76_3, i10 %zext_ln80" [../src/sobel_core.cpp:76]   --->   Operation 138 'add' 'add_ln76_1' <Predicate = (!icmp_ln51)> <Delay = 1.82> <CoreInst = "Adder">   --->   Core 1 'Adder' <Latency = 0> <II = 1> <Delay = 1.82> <FuncUnit> <Opcode : 'add' 'sub'> <InPorts = 2> <OutPorts = 1>
ST_6 : Operation 139 [1/1] (0.00ns)   --->   "%zext_ln77_5 = zext i10 %add_ln76_1" [../src/sobel_core.cpp:77]   --->   Operation 139 'zext' 'zext_ln77_5' <Predicate = (!icmp_ln51)> <Delay = 0.00>
ST_6 : Operation 140 [1/1] (0.00ns) (grouped into TernaryAdder)   --->   "%sub_ln77 = sub i11 %zext_ln76_2, i11 %zext_ln77_5" [../src/sobel_core.cpp:77]   --->   Operation 140 'sub' 'sub_ln77' <Predicate = (!icmp_ln51)> <Delay = 0.00> <CoreInst = "TAddSub">   --->   Core 10 'TAddSub' <Latency = 0> <II = 1> <Delay = 1.87> <IPBlock> <Opcode : 'add' 'sub'> <InPorts = 3> <OutPorts = 1> <Sync> <CReg>
ST_6 : Operation 141 [1/1] (1.82ns)   --->   "%add_ln78 = add i10 %zext_ln77_2, i10 %zext_ln77_4" [../src/sobel_core.cpp:78]   --->   Operation 141 'add' 'add_ln78' <Predicate = (!icmp_ln51)> <Delay = 1.82> <CoreInst = "Adder">   --->   Core 1 'Adder' <Latency = 0> <II = 1> <Delay = 1.82> <FuncUnit> <Opcode : 'add' 'sub'> <InPorts = 2> <OutPorts = 1>
ST_6 : Operation 142 [1/1] (0.00ns)   --->   "%zext_ln78 = zext i10 %add_ln78" [../src/sobel_core.cpp:78]   --->   Operation 142 'zext' 'zext_ln78' <Predicate = (!icmp_ln51)> <Delay = 0.00>
ST_6 : Operation 143 [1/1] (3.75ns) (root node of TernaryAdder)   --->   "%gx = add i11 %zext_ln78, i11 %sub_ln77" [../src/sobel_core.cpp:78]   --->   Operation 143 'add' 'gx' <Predicate = (!icmp_ln51)> <Delay = 3.75> <CoreInst = "TAddSub">   --->   Core 10 'TAddSub' <Latency = 0> <II = 1> <Delay = 1.87> <IPBlock> <Opcode : 'add' 'sub'> <InPorts = 3> <OutPorts = 1> <Sync> <CReg>
ST_6 : Operation 144 [1/1] (0.00ns)   --->   "%trunc_ln78 = trunc i11 %gx" [../src/sobel_core.cpp:78]   --->   Operation 144 'trunc' 'trunc_ln78' <Predicate = (!icmp_ln51)> <Delay = 0.00>
ST_6 : Operation 145 [1/1] (0.00ns) (grouped into TernaryAdder)   --->   "%gy_bot = add i11 %sub_ln81, i11 %zext_ln76_2" [../src/sobel_core.cpp:81]   --->   Operation 145 'add' 'gy_bot' <Predicate = (!icmp_ln51)> <Delay = 0.00> <CoreInst = "TAddSub">   --->   Core 10 'TAddSub' <Latency = 0> <II = 1> <Delay = 1.87> <IPBlock> <Opcode : 'add' 'sub'> <InPorts = 3> <OutPorts = 1> <Sync> <CReg>
ST_6 : Operation 146 [1/1] (3.75ns) (root node of TernaryAdder)   --->   "%gy = sub i11 %gy_bot, i11 %zext_ln77_3" [../src/sobel_core.cpp:82]   --->   Operation 146 'sub' 'gy' <Predicate = (!icmp_ln51)> <Delay = 3.75> <CoreInst = "TAddSub">   --->   Core 10 'TAddSub' <Latency = 0> <II = 1> <Delay = 1.87> <IPBlock> <Opcode : 'add' 'sub'> <InPorts = 3> <OutPorts = 1> <Sync> <CReg>
ST_6 : Operation 147 [1/1] (0.00ns)   --->   "%trunc_ln82 = trunc i11 %gy" [../src/sobel_core.cpp:82]   --->   Operation 147 'trunc' 'trunc_ln82' <Predicate = (!icmp_ln51)> <Delay = 0.00>
ST_6 : Operation 148 [1/1] (0.00ns)   --->   "%tmp_2 = bitselect i1 @_ssdm_op_BitSelect.i1.i11.i32, i11 %gx, i32 10" [../src/sobel_core.cpp:5->../src/sobel_core.cpp:84]   --->   Operation 148 'bitselect' 'tmp_2' <Predicate = (!icmp_ln51)> <Delay = 0.00>
ST_6 : Operation 149 [1/1] (0.00ns)   --->   "%tmp_3 = bitselect i1 @_ssdm_op_BitSelect.i1.i11.i32, i11 %gy, i32 10" [../src/sobel_core.cpp:5->../src/sobel_core.cpp:84]   --->   Operation 149 'bitselect' 'tmp_3' <Predicate = (!icmp_ln51)> <Delay = 0.00>
ST_6 : Operation 150 [1/1] (1.58ns)   --->   "%store_ln10 = store i8 %p12, i8 %p_0_0_08341185" [../src/window_generator.cpp:10->../src/sobel_core.cpp:60]   --->   Operation 150 'store' 'store_ln10' <Predicate = (!icmp_ln51)> <Delay = 1.58>
ST_6 : Operation 151 [1/1] (1.58ns)   --->   "%store_ln69 = store i8 %p_0_0_08341185_load, i8 %p10" [../src/sobel_core.cpp:69]   --->   Operation 151 'store' 'store_ln69' <Predicate = (!icmp_ln51)> <Delay = 1.58>

State 7 <SV = 6> <Delay = 5.79>
ST_7 : Operation 152 [1/1] (1.73ns)   --->   "%sub_ln5 = sub i10 0, i10 %trunc_ln78" [../src/sobel_core.cpp:5->../src/sobel_core.cpp:84]   --->   Operation 152 'sub' 'sub_ln5' <Predicate = (tmp_2)> <Delay = 1.73> <CoreInst = "Adder">   --->   Core 1 'Adder' <Latency = 0> <II = 1> <Delay = 1.73> <FuncUnit> <Opcode : 'add' 'sub'> <InPorts = 2> <OutPorts = 1>
ST_7 : Operation 153 [1/1] (0.68ns)   --->   "%x_1 = select i1 %tmp_2, i10 %sub_ln5, i10 %trunc_ln78" [../src/sobel_core.cpp:5->../src/sobel_core.cpp:84]   --->   Operation 153 'select' 'x_1' <Predicate = true> <Delay = 0.68> <CoreInst = "Sel">   --->   Core 73 'Sel' <Latency = 0> <II = 1> <Delay = 0.68> <FuncUnit> <Opcode : 'select'> <InPorts = 3> <OutPorts = 1>
ST_7 : Operation 154 [1/1] (0.00ns)   --->   "%trunc_ln5 = trunc i10 %x_1" [../src/sobel_core.cpp:5->../src/sobel_core.cpp:84]   --->   Operation 154 'trunc' 'trunc_ln5' <Predicate = true> <Delay = 0.00>
ST_7 : Operation 155 [1/1] (1.73ns)   --->   "%sub_ln5_1 = sub i10 0, i10 %trunc_ln82" [../src/sobel_core.cpp:5->../src/sobel_core.cpp:84]   --->   Operation 155 'sub' 'sub_ln5_1' <Predicate = (tmp_3)> <Delay = 1.73> <CoreInst = "Adder">   --->   Core 1 'Adder' <Latency = 0> <II = 1> <Delay = 1.73> <FuncUnit> <Opcode : 'add' 'sub'> <InPorts = 2> <OutPorts = 1>
ST_7 : Operation 156 [1/1] (0.68ns)   --->   "%select_ln5 = select i1 %tmp_3, i10 %sub_ln5_1, i10 %trunc_ln82" [../src/sobel_core.cpp:5->../src/sobel_core.cpp:84]   --->   Operation 156 'select' 'select_ln5' <Predicate = true> <Delay = 0.68> <CoreInst = "Sel">   --->   Core 73 'Sel' <Latency = 0> <II = 1> <Delay = 0.68> <FuncUnit> <Opcode : 'select'> <InPorts = 3> <OutPorts = 1>
ST_7 : Operation 157 [1/1] (0.00ns)   --->   "%trunc_ln84 = trunc i10 %select_ln5" [../src/sobel_core.cpp:84]   --->   Operation 157 'trunc' 'trunc_ln84' <Predicate = true> <Delay = 0.00>
ST_7 : Operation 158 [1/1] (0.00ns)   --->   "%zext_ln84 = zext i10 %x_1" [../src/sobel_core.cpp:84]   --->   Operation 158 'zext' 'zext_ln84' <Predicate = true> <Delay = 0.00>
ST_7 : Operation 159 [1/1] (0.00ns)   --->   "%zext_ln84_1 = zext i10 %select_ln5" [../src/sobel_core.cpp:84]   --->   Operation 159 'zext' 'zext_ln84_1' <Predicate = true> <Delay = 0.00>
ST_7 : Operation 160 [1/1] (1.91ns)   --->   "%add_ln10 = add i8 %trunc_ln5, i8 %trunc_ln84" [../src/sobel_core.cpp:10->../src/sobel_core.cpp:85]   --->   Operation 160 'add' 'add_ln10' <Predicate = true> <Delay = 1.91> <CoreInst = "Adder">   --->   Core 1 'Adder' <Latency = 0> <II = 1> <Delay = 1.91> <FuncUnit> <Opcode : 'add' 'sub'> <InPorts = 2> <OutPorts = 1>
ST_7 : Operation 161 [1/1] (1.73ns)   --->   "%mag = add i11 %zext_ln84, i11 %zext_ln84_1" [../src/sobel_core.cpp:84]   --->   Operation 161 'add' 'mag' <Predicate = true> <Delay = 1.73> <CoreInst = "Adder">   --->   Core 1 'Adder' <Latency = 0> <II = 1> <Delay = 1.73> <FuncUnit> <Opcode : 'add' 'sub'> <InPorts = 2> <OutPorts = 1>
ST_7 : Operation 162 [1/1] (0.00ns)   --->   "%tmp_4 = partselect i3 @_ssdm_op_PartSelect.i3.i11.i32.i32, i11 %mag, i32 8, i32 10" [../src/sobel_core.cpp:10->../src/sobel_core.cpp:85]   --->   Operation 162 'partselect' 'tmp_4' <Predicate = true> <Delay = 0.00>
ST_7 : Operation 163 [1/1] (1.65ns)   --->   "%icmp_ln10 = icmp_ne  i3 %tmp_4, i3 0" [../src/sobel_core.cpp:10->../src/sobel_core.cpp:85]   --->   Operation 163 'icmp' 'icmp_ln10' <Predicate = true> <Delay = 1.65> <CoreInst = "Cmp">   --->   Core 9 'Cmp' <Latency = 0> <II = 1> <Delay = 1.65> <FuncUnit> <Opcode : 'seteq' 'setne' 'setle' 'setge' 'setlt' 'setgt'> <InPorts = 2> <OutPorts = 1>
ST_7 : Operation 172 [1/1] (1.58ns)   --->   "%ret_ln0 = ret"   --->   Operation 172 'ret' 'ret_ln0' <Predicate = (icmp_ln51)> <Delay = 1.58>

State 8 <SV = 7> <Delay = 2.82>
ST_8 : Operation 164 [1/1] (0.00ns)   --->   "%specloopname_ln0 = specloopname void @_ssdm_op_SpecLoopName, void @row_loop_col_loop_str"   --->   Operation 164 'specloopname' 'specloopname_ln0' <Predicate = true> <Delay = 0.00>
ST_8 : Operation 165 [1/1] (0.00ns)   --->   "%empty = speclooptripcount i32 @_ssdm_op_SpecLoopTripCount, i64 1, i64 3686400, i64 0"   --->   Operation 165 'speclooptripcount' 'empty' <Predicate = true> <Delay = 0.00>
ST_8 : Operation 166 [1/1] (0.00ns)   --->   "%specpipeline_ln54 = specpipeline void @_ssdm_op_SpecPipeline, i32 1, i32 0, i32 0, i32 0, i32 4294967295, void @empty_1" [../src/sobel_core.cpp:54]   --->   Operation 166 'specpipeline' 'specpipeline_ln54' <Predicate = true> <Delay = 0.00>
ST_8 : Operation 167 [1/1] (0.00ns) (grouped into LUT with out node out_pix_1)   --->   "%and_ln64 = and i1 %icmp_ln64, i1 %icmp_ln64_1" [../src/sobel_core.cpp:64]   --->   Operation 167 'and' 'and_ln64' <Predicate = true> <Delay = 0.00> <CoreInst = "LogicGate">   --->   Core 74 'LogicGate' <Latency = 0> <II = 1> <Delay = 0.97> <FuncUnit> <Opcode : 'and' 'or' 'xor'> <InPorts = 2> <OutPorts = 1>
ST_8 : Operation 168 [1/1] (0.00ns) (grouped into LUT with out node out_pix_1)   --->   "%out_pix = select i1 %icmp_ln10, i8 255, i8 %add_ln10" [../src/sobel_core.cpp:10->../src/sobel_core.cpp:85]   --->   Operation 168 'select' 'out_pix' <Predicate = true> <Delay = 0.00> <CoreInst = "Sel">   --->   Core 73 'Sel' <Latency = 0> <II = 1> <Delay = 1.24> <FuncUnit> <Opcode : 'select'> <InPorts = 3> <OutPorts = 1>
ST_8 : Operation 169 [1/1] (1.24ns) (out node of the LUT)   --->   "%out_pix_1 = select i1 %and_ln64, i8 %out_pix, i8 0" [../src/sobel_core.cpp:64]   --->   Operation 169 'select' 'out_pix_1' <Predicate = true> <Delay = 1.24> <CoreInst = "Sel">   --->   Core 73 'Sel' <Latency = 0> <II = 1> <Delay = 1.24> <FuncUnit> <Opcode : 'select'> <InPorts = 3> <OutPorts = 1>
ST_8 : Operation 170 [1/1] ( I:1.57ns O:1.57ns )   --->   "%write_ln97 = write void @_ssdm_op_Write.axis.volatile.i8P0A.i1P0A.i1P0A.i1P0A.i1P0A.i1P0A.i1P0A, i8 %out_stream_V_data_V, i1 %out_stream_V_keep_V, i1 %out_stream_V_strb_V, i1 %out_stream_V_user_V, i1 %out_stream_V_last_V, i1 %out_stream_V_id_V, i1 %out_stream_V_dest_V, i8 %out_pix_1, i1 1, i1 1, i1 %icmp_ln92, i1 %and_ln95, i1 0, i1 0" [../src/sobel_core.cpp:97]   --->   Operation 170 'write' 'write_ln97' <Predicate = true> <Delay = 1.57> <CoreInst = "regslice">   --->   Core 135 'regslice' <Latency = 0> <II = 1> <Delay = 2.22> <Adapter> <Opcode : 'read' 'write'>
ST_8 : Operation 171 [1/1] (0.00ns)   --->   "%br_ln53 = br void %for.body37" [../src/sobel_core.cpp:53]   --->   Operation 171 'br' 'br_ln53' <Predicate = true> <Delay = 0.00>


============================================================
+ Verbose Summary: Timing violations
============================================================
Target clock period: 8.000ns, clock uncertainty: 2.160ns.

 <State 1>: 5.431ns
The critical path consists of the following:
	'store' operation ('store_ln0') of constant 0 22 bit on local variable 'indvar_flatten' [52]  (1.588 ns)
	'load' operation 22 bit ('indvar_flatten_load', ../src/sobel_core.cpp:51) on local variable 'indvar_flatten' [67]  (0.000 ns)
	'icmp' operation 1 bit ('icmp_ln51', ../src/sobel_core.cpp:51) [72]  (2.255 ns)
	'store' operation ('store_ln51', ../src/sobel_core.cpp:51) of variable 'add_ln51_1', ../src/sobel_core.cpp:51 22 bit on local variable 'indvar_flatten' [174]  (1.588 ns)

 <State 2>: 5.585ns
The critical path consists of the following:
	'load' operation 11 bit ('col', ../src/sobel_core.cpp:53) on local variable 'col', ../src/window_generator.cpp:4->../src/sobel_core.cpp:60 [66]  (0.000 ns)
	'icmp' operation 1 bit ('icmp_ln53', ../src/sobel_core.cpp:53) [71]  (1.639 ns)
	'select' operation 11 bit ('select_ln51', ../src/sobel_core.cpp:51) [84]  (0.692 ns)
	'getelementptr' operation 11 bit ('linebuf1_addr', ../src/window_generator.cpp:11->../src/sobel_core.cpp:60) [103]  (0.000 ns)
	'load' operation 8 bit ('linebuf1_load', ../src/window_generator.cpp:24->../src/sobel_core.cpp:60) on array 'linebuf1' [106]  (3.254 ns)

 <State 3>: 4.768ns
The critical path consists of the following:
	'load' operation 64 bit ('reuse_addr_reg_load') on local variable 'reuse_addr_reg' [105]  (0.000 ns)
	'icmp' operation 1 bit ('addr_cmp', ../src/window_generator.cpp:10->../src/sobel_core.cpp:60) [107]  (3.520 ns)
	'select' operation 8 bit ('p12', ../src/window_generator.cpp:10->../src/sobel_core.cpp:60) [108]  (1.248 ns)

 <State 4>: 4.502ns
The critical path consists of the following:
	'load' operation 8 bit ('linebuf0_load', ../src/window_generator.cpp:20->../src/sobel_core.cpp:60) on array 'linebuf0' [100]  (3.254 ns)
	'select' operation 8 bit ('reuse_select32', ../src/window_generator.cpp:10->../src/sobel_core.cpp:60) [102]  (1.248 ns)

 <State 5>: 5.580ns
The critical path consists of the following:
	'load' operation 8 bit ('p21', ../src/sobel_core.cpp:81) on local variable 'p21', ../src/sobel_core.cpp:73 [70]  (0.000 ns)
	'add' operation 10 bit ('add_ln80', ../src/sobel_core.cpp:80) [142]  (1.823 ns)
	'sub' operation 11 bit ('gy_top', ../src/sobel_core.cpp:80) [144]  (0.000 ns)
	'sub' operation 11 bit ('sub_ln81', ../src/sobel_core.cpp:81) [145]  (3.757 ns)

 <State 6>: 5.580ns
The critical path consists of the following:
	'load' operation 8 bit ('p10_load', ../src/sobel_core.cpp:76) on local variable 'p10', ../src/sobel_core.cpp:69 [78]  (0.000 ns)
	'add' operation 10 bit ('add_ln76_1', ../src/sobel_core.cpp:76) [131]  (1.823 ns)
	'sub' operation 11 bit ('sub_ln77', ../src/sobel_core.cpp:77) [133]  (0.000 ns)
	'add' operation 11 bit ('gx', ../src/sobel_core.cpp:78) [136]  (3.757 ns)

 <State 7>: 5.799ns
The critical path consists of the following:
	'sub' operation 10 bit ('sub_ln5', ../src/sobel_core.cpp:5->../src/sobel_core.cpp:84) [150]  (1.731 ns)
	'select' operation 10 bit ('x', ../src/sobel_core.cpp:5->../src/sobel_core.cpp:84) [151]  (0.687 ns)
	'add' operation 11 bit ('mag', ../src/sobel_core.cpp:84) [160]  (1.731 ns)
	'icmp' operation 1 bit ('icmp_ln10', ../src/sobel_core.cpp:10->../src/sobel_core.cpp:85) [162]  (1.650 ns)

 <State 8>: 2.821ns
The critical path consists of the following:
	'and' operation 1 bit ('and_ln64', ../src/sobel_core.cpp:64) [117]  (0.000 ns)
	'select' operation 8 bit ('out_pix', ../src/sobel_core.cpp:64) [164]  (1.248 ns)
	axis write operation ('write_ln97', ../src/sobel_core.cpp:97) on port 'out_stream_V_data_V' (../src/sobel_core.cpp:97) [168]  (1.573 ns)


============================================================
+ Verbose Summary: Binding
============================================================
N/A
* FSMD analyzer results:
  - Output states:
 - Input state : 
  - Chain level:
	State 1
	State 2
	State 3
	State 4
	State 5
	State 6
	State 7
	State 8


============================================================
+ Verbose Summary: Datapath Resource usage 
============================================================
N/A
